[2026-08-02 20:27:57] [INFO] [DatabaseManager]: Database engine initialized successfully.
[2026-08-02 20:31:23] [INFO] [DatabaseManager]: Database engine initialized successfully.
[2026-08-02 20:33:02] [INFO] [DatabaseManager]: Database engine initialized successfully.
[2026-08-02 20:48:31] [INFO] [DatabaseManager]: Database engine initialized successfully.
[2026-08-03 13:10:02] [INFO] [DatabaseManager]: Database engine initialized successfully.
[2026-08-03 13:16:48] [INFO] [DatabaseManager]: Database engine initialized successfully.
[2026-08-03 13:18:51] [INFO] [DatabaseManager]: Database engine initialized successfully.
[2026-08-03 13:22:04] [INFO] [DatabaseManager]: Database engine initialized successfully.
[2026-08-03 13:41:43] [INFO] [DatabaseManager]: Database engine initialized successfully.
[2026-08-03 13:43:17] [INFO] [DatabaseManager]: Database engine initialized successfully.
[2026-08-03 13:52:32] [INFO] [DatabaseManager]: Database engine initialized successfully.
[2026-08-03 13:56:41] [INFO] [DatabaseManager]: Database engine initialized successfully.
[2026-08-03 14:02:09] [INFO] [DatabaseManager]: Database engine initialized successfully.
[2026-08-03 14:05:34] [INFO] [DatabaseManager]: Database engine initialized successfully.
[2026-08-03 14:08:41] [INFO] [DatabaseManager]: Database engine initialized successfully.
[2026-08-04 13:16:46] [INFO] [DatabaseManager]: Database engine initialized successfully.
[2026-08-04 13:31:10] [INFO] [DatabaseManager]: Database engine initialized successfully.
[2026-08-04 13:32:17] [INFO] [DatabaseManager]: Database engine initialized successfully.
[2026-08-04 13:34:55] [INFO] [DatabaseManager]: Database engine initialized successfully.
[2026-08-04 13:45:44] [INFO] [DatabaseManager]: Database engine initialized successfully.
[2026-08-04 13:47:55] [INFO] [DatabaseManager]: Database engine initialized successfully.
[2026-08-04 13:50:19] [INFO] [DatabaseManager]: Database engine initialized successfully.
[2026-08-04 13:50:53] [INFO] [MainApp]: Initializing system architecture...
[2026-08-04 13:50:53] [INFO] [DatabaseManager]: Database tables verified/created successfully.
[2026-08-04 13:53:19] [INFO] [DatabaseManager]: Database engine initialized successfully.
[2026-08-04 14:32:31] [INFO] [DatabaseManager]: Database engine initialized successfully.
[2026-08-04 14:33:12] [INFO] [MainApp]: Initializing system architecture...
[2026-08-04 14:33:12] [INFO] [DatabaseManager]: Database tables verified/created successfully.
[2026-08-04 14:40:40] [INFO] [DatabaseManager]: Database engine initialized successfully.
[2026-08-04 14:40:55] [INFO] [MainApp]: Initializing system architecture...
[2026-08-04 14:40:55] [INFO] [DatabaseManager]: Database tables verified/created successfully.
[2026-08-04 14:48:05] [INFO] [ScraperOrchestrator]: Starting ingestion pipeline for target: 'ai engineer'
[2026-08-04 14:48:05] [INFO] [Scraper_GenericPortal]: Initiating job retrieval for keyword: 'ai engineer'...
[2026-08-04 14:48:06] [INFO] [Scraper_GenericPortal]: Successfully fetched 15 jobs from public feed.
[2026-08-04 14:48:06] [INFO] [SkillExtractor]: Extracted 12 distinct skills.
[2026-08-04 14:48:06] [INFO] [SkillExtractor]: Extracted 0 distinct skills.
[2026-08-04 14:48:06] [INFO] [SkillExtractor]: Extracted 0 distinct skills.
[2026-08-04 14:48:06] [INFO] [SkillExtractor]: Extracted 0 distinct skills.
[2026-08-04 14:48:06] [INFO] [SkillExtractor]: Extracted 2 distinct skills.
[2026-08-04 14:48:06] [INFO] [SkillExtractor]: Extracted 0 distinct skills.
[2026-08-04 14:48:06] [INFO] [SkillExtractor]: Extracted 0 distinct skills.
[2026-08-04 14:48:06] [INFO] [SkillExtractor]: Extracted 2 distinct skills.
[2026-08-04 14:48:06] [INFO] [SkillExtractor]: Extracted 0 distinct skills.
[2026-08-04 14:48:06] [INFO] [SkillExtractor]: Extracted 14 distinct skills.
[2026-08-04 14:48:06] [INFO] [SkillExtractor]: Extracted 18 distinct skills.
[2026-08-04 14:48:06] [INFO] [SkillExtractor]: Extracted 5 distinct skills.
[2026-08-04 14:48:06] [INFO] [SkillExtractor]: Extracted 1 distinct skills.
[2026-08-04 14:48:06] [INFO] [SkillExtractor]: Extracted 2 distinct skills.
[2026-08-04 14:48:06] [INFO] [SkillExtractor]: Extracted 5 distinct skills.
[2026-08-04 14:48:06] [INFO] [JobCleanerPipeline]: Cleaned batch: Retained 15 out of 15 raw jobs.
[2026-08-04 14:48:06] [INFO] [ScraperOrchestrator]: Ingestion Pipeline Completed. Total Jobs Saved/Updated: 15
[2026-08-04 14:48:16] [INFO] [ScraperOrchestrator]: Starting ingestion pipeline for target: 'ai engineer'
[2026-08-04 14:48:16] [INFO] [Scraper_GenericPortal]: Initiating job retrieval for keyword: 'ai engineer'...
[2026-08-04 14:48:16] [INFO] [Scraper_GenericPortal]: Successfully fetched 15 jobs from public feed.
[2026-08-04 14:48:16] [INFO] [SkillExtractor]: Extracted 12 distinct skills.
[2026-08-04 14:48:16] [INFO] [SkillExtractor]: Extracted 0 distinct skills.
[2026-08-04 14:48:16] [INFO] [SkillExtractor]: Extracted 0 distinct skills.
[2026-08-04 14:48:16] [INFO] [SkillExtractor]: Extracted 0 distinct skills.
[2026-08-04 14:48:16] [INFO] [SkillExtractor]: Extracted 2 distinct skills.
[2026-08-04 14:48:16] [INFO] [SkillExtractor]: Extracted 0 distinct skills.
[2026-08-04 14:48:16] [INFO] [SkillExtractor]: Extracted 0 distinct skills.
[2026-08-04 14:48:16] [INFO] [SkillExtractor]: Extracted 2 distinct skills.
[2026-08-04 14:48:17] [INFO] [SkillExtractor]: Extracted 0 distinct skills.
[2026-08-04 14:48:17] [INFO] [SkillExtractor]: Extracted 14 distinct skills.
[2026-08-04 14:48:17] [INFO] [SkillExtractor]: Extracted 18 distinct skills.
[2026-08-04 14:48:17] [INFO] [SkillExtractor]: Extracted 5 distinct skills.
[2026-08-04 14:48:17] [INFO] [SkillExtractor]: Extracted 1 distinct skills.
[2026-08-04 14:48:17] [INFO] [SkillExtractor]: Extracted 2 distinct skills.
[2026-08-04 14:48:17] [INFO] [SkillExtractor]: Extracted 5 distinct skills.
[2026-08-04 14:48:17] [INFO] [JobCleanerPipeline]: Cleaned batch: Retained 15 out of 15 raw jobs.
[2026-08-04 14:48:17] [INFO] [ScraperOrchestrator]: Ingestion Pipeline Completed. Total Jobs Saved/Updated: 15
[2026-08-04 14:48:20] [INFO] [ScraperOrchestrator]: Starting ingestion pipeline for target: 'ai engineer'
[2026-08-04 14:48:20] [INFO] [Scraper_GenericPortal]: Initiating job retrieval for keyword: 'ai engineer'...
[2026-08-04 14:48:20] [INFO] [Scraper_GenericPortal]: Successfully fetched 15 jobs from public feed.
[2026-08-04 14:48:20] [INFO] [SkillExtractor]: Extracted 12 distinct skills.
[2026-08-04 14:48:20] [INFO] [SkillExtractor]: Extracted 0 distinct skills.
[2026-08-04 14:48:20] [INFO] [SkillExtractor]: Extracted 0 distinct skills.
[2026-08-04 14:48:21] [INFO] [SkillExtractor]: Extracted 0 distinct skills.
[2026-08-04 14:48:21] [INFO] [SkillExtractor]: Extracted 2 distinct skills.
[2026-08-04 14:48:21] [INFO] [SkillExtractor]: Extracted 0 distinct skills.
[2026-08-04 14:48:21] [INFO] [SkillExtractor]: Extracted 0 distinct skills.
[2026-08-04 14:48:21] [INFO] [SkillExtractor]: Extracted 2 distinct skills.
[2026-08-04 14:48:21] [INFO] [SkillExtractor]: Extracted 0 distinct skills.
[2026-08-04 14:48:21] [INFO] [SkillExtractor]: Extracted 14 distinct skills.
[2026-08-04 14:48:21] [INFO] [SkillExtractor]: Extracted 18 distinct skills.
[2026-08-04 14:48:21] [INFO] [SkillExtractor]: Extracted 5 distinct skills.
[2026-08-04 14:48:21] [INFO] [SkillExtractor]: Extracted 1 distinct skills.
[2026-08-04 14:48:21] [INFO] [SkillExtractor]: Extracted 2 distinct skills.
[2026-08-04 14:48:21] [INFO] [SkillExtractor]: Extracted 5 distinct skills.
[2026-08-04 14:48:21] [INFO] [JobCleanerPipeline]: Cleaned batch: Retained 15 out of 15 raw jobs.
[2026-08-04 14:48:21] [INFO] [ScraperOrchestrator]: Ingestion Pipeline Completed. Total Jobs Saved/Updated: 15
[2026-08-04 14:49:19] [INFO] [DatabaseManager]: Database engine initialized successfully.
[2026-08-04 14:49:41] [INFO] [MainApp]: Initializing system architecture...
[2026-08-04 14:49:41] [INFO] [DatabaseManager]: Database tables verified/created successfully.
[2026-08-04 14:50:28] [INFO] [ScraperOrchestrator]: Starting ingestion pipeline for target: 'ai engineer'
[2026-08-04 14:50:28] [INFO] [Scraper_GenericPortal]: Initiating job retrieval for keyword: 'ai engineer'...
[2026-08-04 14:50:28] [INFO] [Scraper_GenericPortal]: Successfully fetched 15 jobs from public feed.
[2026-08-04 14:50:28] [INFO] [SkillExtractor]: Extracted 12 distinct skills.
[2026-08-04 14:50:28] [INFO] [SkillExtractor]: Extracted 0 distinct skills.
[2026-08-04 14:50:28] [INFO] [SkillExtractor]: Extracted 0 distinct skills.
[2026-08-04 14:50:28] [INFO] [SkillExtractor]: Extracted 0 distinct skills.
[2026-08-04 14:50:28] [INFO] [SkillExtractor]: Extracted 2 distinct skills.
[2026-08-04 14:50:28] [INFO] [SkillExtractor]: Extracted 0 distinct skills.
[2026-08-04 14:50:28] [INFO] [SkillExtractor]: Extracted 0 distinct skills.
[2026-08-04 14:50:28] [INFO] [SkillExtractor]: Extracted 2 distinct skills.
[2026-08-04 14:50:29] [INFO] [SkillExtractor]: Extracted 0 distinct skills.
[2026-08-04 14:50:29] [INFO] [SkillExtractor]: Extracted 14 distinct skills.
[2026-08-04 14:50:29] [INFO] [SkillExtractor]: Extracted 18 distinct skills.
[2026-08-04 14:50:29] [INFO] [SkillExtractor]: Extracted 5 distinct skills.
[2026-08-04 14:50:29] [INFO] [SkillExtractor]: Extracted 1 distinct skills.
[2026-08-04 14:50:29] [INFO] [SkillExtractor]: Extracted 2 distinct skills.
[2026-08-04 14:50:29] [INFO] [SkillExtractor]: Extracted 5 distinct skills.
[2026-08-04 14:50:29] [INFO] [JobCleanerPipeline]: Cleaned batch: Retained 15 out of 15 raw jobs.
[2026-08-04 14:50:29] [INFO] [ScraperOrchestrator]: Ingestion Pipeline Completed. Total Jobs Saved/Updated: 15
[2026-08-04 14:50:52] [INFO] [EmbeddingModel]: Loading Sentence Transformer Model: 'BAAI/bge-base-en-v1.5'...
[2026-08-04 14:50:58] [ERROR] [EmbeddingModel]: Failed to load transformer model: The paging file is too small for this operation to complete. (os error 1455)
[2026-08-04 15:00:53] [INFO] [ScraperOrchestrator]: Starting ingestion pipeline for target: 'python'
[2026-08-04 15:00:53] [INFO] [Scraper_GenericPortal]: Initiating job retrieval for keyword: 'python'...
[2026-08-04 15:00:53] [INFO] [Scraper_GenericPortal]: Successfully fetched 15 jobs from public feed.
[2026-08-04 15:00:54] [INFO] [SkillExtractor]: Extracted 12 distinct skills.
[2026-08-04 15:00:54] [INFO] [SkillExtractor]: Extracted 0 distinct skills.
[2026-08-04 15:00:54] [INFO] [SkillExtractor]: Extracted 0 distinct skills.
[2026-08-04 15:00:54] [INFO] [SkillExtractor]: Extracted 0 distinct skills.
[2026-08-04 15:00:54] [INFO] [SkillExtractor]: Extracted 2 distinct skills.
[2026-08-04 15:00:54] [INFO] [SkillExtractor]: Extracted 0 distinct skills.
[2026-08-04 15:00:54] [INFO] [SkillExtractor]: Extracted 0 distinct skills.
[2026-08-04 15:00:54] [INFO] [SkillExtractor]: Extracted 2 distinct skills.
[2026-08-04 15:00:54] [INFO] [SkillExtractor]: Extracted 0 distinct skills.
[2026-08-04 15:00:54] [INFO] [SkillExtractor]: Extracted 14 distinct skills.
[2026-08-04 15:00:54] [INFO] [SkillExtractor]: Extracted 18 distinct skills.
[2026-08-04 15:00:54] [INFO] [SkillExtractor]: Extracted 5 distinct skills.
[2026-08-04 15:00:54] [INFO] [SkillExtractor]: Extracted 1 distinct skills.
[2026-08-04 15:00:54] [INFO] [SkillExtractor]: Extracted 2 distinct skills.
[2026-08-04 15:00:54] [INFO] [SkillExtractor]: Extracted 5 distinct skills.
[2026-08-04 15:00:54] [INFO] [JobCleanerPipeline]: Cleaned batch: Retained 15 out of 15 raw jobs.
[2026-08-04 15:00:54] [INFO] [ScraperOrchestrator]: Ingestion Pipeline Completed. Total Jobs Saved/Updated: 15
[2026-08-04 15:05:52] [INFO] [DatabaseManager]: Database engine initialized successfully.
[2026-08-04 15:06:05] [INFO] [MainApp]: Initializing system architecture...
[2026-08-04 15:06:05] [INFO] [DatabaseManager]: Database tables verified/created successfully.
[2026-08-04 15:06:16] [INFO] [ScraperOrchestrator]: Starting ingestion pipeline for target: 'python'
[2026-08-04 15:06:16] [INFO] [Scraper_GenericPortal]: Initiating job retrieval for keyword: 'python'...
[2026-08-04 15:06:17] [INFO] [Scraper_GenericPortal]: Successfully fetched 15 jobs from public feed.
[2026-08-04 15:06:17] [INFO] [SkillExtractor]: Extracted 12 distinct skills.
[2026-08-04 15:06:17] [INFO] [SkillExtractor]: Extracted 0 distinct skills.
[2026-08-04 15:06:17] [INFO] [SkillExtractor]: Extracted 0 distinct skills.
[2026-08-04 15:06:17] [INFO] [SkillExtractor]: Extracted 0 distinct skills.
[2026-08-04 15:06:17] [INFO] [SkillExtractor]: Extracted 2 distinct skills.
[2026-08-04 15:06:17] [INFO] [SkillExtractor]: Extracted 0 distinct skills.
[2026-08-04 15:06:17] [INFO] [SkillExtractor]: Extracted 0 distinct skills.
[2026-08-04 15:06:17] [INFO] [SkillExtractor]: Extracted 2 distinct skills.
[2026-08-04 15:06:17] [INFO] [SkillExtractor]: Extracted 0 distinct skills.
[2026-08-04 15:06:17] [INFO] [SkillExtractor]: Extracted 14 distinct skills.
[2026-08-04 15:06:17] [INFO] [SkillExtractor]: Extracted 18 distinct skills.
[2026-08-04 15:06:17] [INFO] [SkillExtractor]: Extracted 5 distinct skills.
[2026-08-04 15:06:17] [INFO] [SkillExtractor]: Extracted 1 distinct skills.
[2026-08-04 15:06:17] [INFO] [SkillExtractor]: Extracted 2 distinct skills.
[2026-08-04 15:06:17] [INFO] [SkillExtractor]: Extracted 5 distinct skills.
[2026-08-04 15:06:17] [INFO] [JobCleanerPipeline]: Cleaned batch: Retained 15 out of 15 raw jobs.
[2026-08-04 15:06:17] [INFO] [ScraperOrchestrator]: Ingestion Pipeline Completed. Total Jobs Saved/Updated: 15
[2026-08-04 15:06:54] [INFO] [EmbeddingModel]: Loading Sentence Transformer Model: 'BAAI/bge-base-en-v1.5'...
[2026-08-04 15:07:02] [INFO] [EmbeddingModel]: Embedding Model loaded successfully.
[2026-08-04 15:07:02] [INFO] [EmbeddingGenerator]: Generating embeddings for 15 database jobs...
[2026-08-04 15:07:28] [INFO] [FAISSManager]: FAISS index and ID mapping saved to disk.
[2026-08-04 15:07:28] [INFO] [FAISSManager]: FAISS index built successfully with 15 vectors.
[2026-08-04 15:07:55] [INFO] [FAISSManager]: Loaded existing FAISS index with 15 vectors.
[2026-08-04 15:07:55] [INFO] [EmbeddingGenerator]: Generating embeddings for 15 database jobs...
[2026-08-04 15:08:18] [INFO] [FAISSManager]: FAISS index and ID mapping saved to disk.
[2026-08-04 15:08:18] [INFO] [FAISSManager]: FAISS index built successfully with 15 vectors.
[2026-08-04 15:19:00] [INFO] [PDFParser]: PDF text extraction completed successfully.
[2026-08-04 15:19:00] [INFO] [SkillExtractor]: Extracted 0 distinct skills.
[2026-08-04 15:19:00] [INFO] [ExperienceExtractor]: Calculated date range experience: 0.0 years.
[2026-08-04 15:21:33] [INFO] [DatabaseManager]: Database engine initialized successfully.
[2026-08-04 15:21:34] [INFO] [PDFParser]: PDF text extraction completed successfully.
[2026-08-04 15:21:34] [INFO] [SkillExtractor]: Extracted 3 distinct skills.
[2026-08-04 15:21:34] [INFO] [ExperienceExtractor]: Calculated date range experience: 0.0 years.
[2026-08-04 15:21:34] [INFO] [EducationExtractor]: Detected education level: Bachelor's Degree
[2026-08-04 15:21:50] [INFO] [EmbeddingModel]: Loading Sentence Transformer Model: 'BAAI/bge-base-en-v1.5'...
[2026-08-04 15:21:58] [INFO] [EmbeddingModel]: Embedding Model loaded successfully.
[2026-08-04 15:21:58] [INFO] [FAISSManager]: Loaded existing FAISS index with 15 vectors.
[2026-08-04 15:21:58] [INFO] [RecommendationEngine]: Executing Recommendation Pipeline...
[2026-08-04 15:21:59] [INFO] [FAISSManager]: Vector search returned 10 matches.
[2026-08-04 15:21:59] [INFO] [RecommendationEngine]: Successfully generated top 5 job recommendations.
